// Jest Snapshot v1, https://goo.gl/fbAQLP

exports[`should correctly render ExpenseSummary with multiple expenses 1`] = `
<div>
  <p>
    Viewing 
    1
     
    expense
     totalling 
    $4.61
  </p>
</div>
`;

exports[`should render ExpenseSummary correctly 1`] = `
<div>
  <p>
    Viewing 
    1
     
    expense
     totalling 
    $4.61
  </p>
</div>
`;
